07/03/2016 18:27:24	INFO	Analysis	NOTE	python C:\Users\Weidler\workspace\thegreatdictation\analysis/Result.py "{\"data\":{\"input\":\"Ich bin ein Elefant\",\"text_id\":\"13\",\"target\":\"Liebe Tanja, kannst du bitte einkaufen? Ich habe heute Nachmittag keine Zeit und ich m\u00f6chte heute Abend kochen. Ich brauche noch Kartoffeln, Paprika, Tomaten und Zwiebeln. F\u00fcr das Fr\u00fchst\u00fcck brauchen wir Kaffee, Tee, Brot, Butter, Marmelade, K\u00e4se und Wurst. Kannst du auch Schokolade und Cola mitbringen? Vielen Dank! Liebe Gr\u00fc\u00dfe Mama\"},\"meta\":{\"username\":\"test\",\"gender\":\"m\",\"age\":\"0\",\"mothertongue\":\"aar\",\"learninglength\":\"a\",\"livingingerman\":true}}"
10/03/2016 11:17:27	INFO	Analysis	NOTE	python C:\Users\Weidler\workspace\thegreatdictation\analysis/Result.py "{\"data\":{\"input\":\"Ich b in ein Ele fant.\",\"text_id\":\"36\",\"target\":\"Ich bin ein Elefant!\"},\"meta\":{\"username\":\"test\",\"gender\":\"m\",\"age\":\"0\",\"mothertongue\":\"aar\",\"learninglength\":\"a\",\"livingingerman\":true}}"
12/03/2016 11:50:55	INFO	Analysis	NOTE	python C:\Users\Weidler\workspace\thegreatdictation\analysis/Result.py "{\"data\":{\"input\":\"                        Liebe Tonia, kannewst du bitte einufen? Ich habe heute Nachmittag keine Zeit und ich m\u00f6chte heute Abend kochen. I ch brauche noch Kartoffeln, Paprika, Tomaten und Zwiebeln. F\u00fcr das Fr\u00fchst\u00fcck brauchen Tee, Kaffee, Brot, ButterMarmelade, K\u00e4se und Wurst. Kwe annst du auch Schokolade und Coka mitbringen? Viele Dank! Liebe Gr\u00fc\u00dfe Mama\n                   \",\"text_id\":\"13\",\"target\":\"Liebe Tanja, kannst du bitte einkaufen? Ich habe heute Nachmittag keine Zeit und ich m\u00f6chte heute Abend kochen. Ich brauche noch Kartoffeln, Paprika, Tomaten und Zwiebeln. F\u00fcr das Fr\u00fchst\u00fcck brauchen wir Kaffee, Tee, Brot, Butter, Marmelade, K\u00e4se und Wurst. Kannst du auch Schokolade und Cola mitbringen? Vielen Dank! Liebe Gr\u00fc\u00dfe Mama\"},\"meta\":{\"username\":\"test\",\"gender\":\"m\",\"age\":\"0\",\"mothertongue\":\"aar\",\"learninglength\":\"a\",\"livingingerman\":true}}"
12/03/2016 11:52:19	INFO	Analysis	NOTE	python C:\Users\Weidler\workspace\thegreatdictation\analysis/Result.py "{\"data\":{\"input\":\"                        Liebe Tonia, kannewst du bitte einufen? Ich habe heute Nachmittag keine Zeit und ich m\u00f6chte heute Abend kochen. I ch brauche noch Kartoffeln, Paprika, Tomaten und Zwiebeln. F\u00fcr das Fr\u00fchst\u00fcck brauchen Tee, Kaffee, Brot, ButterMarmelade, K\u00e4se und Wurst. Kwe annst du auch Schokolade und Coka mitbringen? Viele Dank! Liebe Gr\u00fc\u00dfe Mama\n                   \",\"text_id\":\"13\",\"target\":\"Liebe Tanja, kannst du bitte einkaufen? Ich habe heute Nachmittag keine Zeit und ich m\u00f6chte heute Abend kochen. Ich brauche noch Kartoffeln, Paprika, Tomaten und Zwiebeln. F\u00fcr das Fr\u00fchst\u00fcck brauchen wir Kaffee, Tee, Brot, Butter, Marmelade, K\u00e4se und Wurst. Kannst du auch Schokolade und Cola mitbringen? Vielen Dank! Liebe Gr\u00fc\u00dfe Mama\"},\"meta\":{\"username\":\"test\",\"gender\":\"m\",\"age\":\"0\",\"mothertongue\":\"aar\",\"learninglength\":\"a\",\"livingingerman\":true}}"
13/03/2016 13:40:37	INFO	Analysis	NOTE	python C:\Users\Weidler\workspace\thegreatdictation\analysis/Result.py "{\"data\":{\"input\":\"                        Liebe Tonia, kannewst du bitte einufen? Ich habe heute Nachmittag keine Zeit und ich m\u00f6chte heute Abend kochen. I ch brauche noch Kartoffeln, Paprika, Tomaten und Zwiebeln. F\u00fcr das Fr\u00fchst\u00fcck brauchen Tee, Kaffee, Brot, ButterMarmelade, K\u00e4se und Wurst. Kwe annst du auch Schokolade und Coka mitbringen? Viele Dank! Liebe Gr\u00fc\u00dfe Mama\n                   \",\"text_id\":\"13\",\"target\":\"Liebe Tanja, kannst du bitte einkaufen? Ich habe heute Nachmittag keine Zeit und ich m\u00f6chte heute Abend kochen. Ich brauche noch Kartoffeln, Paprika, Tomaten und Zwiebeln. F\u00fcr das Fr\u00fchst\u00fcck brauchen wir Kaffee, Tee, Brot, Butter, Marmelade, K\u00e4se und Wurst. Kannst du auch Schokolade und Cola mitbringen? Vielen Dank! Liebe Gr\u00fc\u00dfe Mama\"},\"meta\":{\"username\":\"test\",\"gender\":\"m\",\"age\":\"0\",\"mothertongue\":\"aar\",\"learninglength\":\"a\",\"livingingerman\":true}}"
15/03/2016 11:25:21	INFO	Analysis	NOTE	python C:\Users\Weidler\workspace\thegreatdictation\analysis/Result.py "{\"data\":{\"input\":\"                        Liebe Tonia, kannewst du bitte einufen? Ich habe heute Nacmhittag keine Zeit und ich m\u00f6chte heute Abend kochen. I ch brauche noch Kartoffeln, Paprika, Tomaten und Zwiebeln. das F\u00fcr Fr\u00fchst\u00fcck brauchen Tee, Kaffee, Brot, ButterMarmelade, K\u00e4se und Wurst. Kwe annst du auch Schokolade und Coka mitbringen? Viele Dank! Liebe Gr\u00fc\u00dfe Mama\n                   \",\"text_id\":\"13\",\"target\":\"Liebe Tanja, kannst du bitte einkaufen? Ich habe heute Nachmittag keine Zeit und ich m\u00f6chte heute Abend kochen. Ich brauche noch Kartoffeln, Paprika, Tomaten und Zwiebeln. F\u00fcr das Fr\u00fchst\u00fcck brauchen wir Kaffee, Tee, Brot, Butter, Marmelade, K\u00e4se und Wurst. Kannst du auch Schokolade und Cola mitbringen? Vielen Dank! Liebe Gr\u00fc\u00dfe Mama\"},\"meta\":{\"username\":\"z\u00f6.ioz,utkmuztrztfcvbhnzjtuzmik\",\"gender\":\"\",\"age\":\"\",\"mothertongue\":\"\",\"learninglength\":\"\",\"livingingerman\":\"\"}}"
21/03/2016 16:04:14	INFO	Analysis	NOTE	python C:\Users\Weidler\workspace\thegreatdictation\analysis/Result.py "{\"data\":{\"input\":\"                        Liebe Tonia, kannewst du bitte einufen? Ich habe heute Nacmhittag keine Zeit und ich m\u00f6chte heute Abend kochen. I ch brauche noch Kartoffeln, Paprika, Tomaten und Zwiebeln. das F\u00fcr Fr\u00fchst\u00fcck brauchen Tee, Kaffee, Brot, ButterMarmelade, K\u00e4se und Wurst. Kwe annst du auch Schokolade und Coka mitbringen? Viele Dank! Liebe Gr\u00fc\u00dfe Mama\n                   \",\"text_id\":\"13\",\"target\":\"Liebe Tanja, kannst du bitte einkaufen? Ich habe heute Nachmittag keine Zeit und ich m\u00f6chte heute Abend kochen. Ich brauche noch Kartoffeln, Paprika, Tomaten und Zwiebeln. F\u00fcr das Fr\u00fchst\u00fcck brauchen wir Kaffee, Tee, Brot, Butter, Marmelade, K\u00e4se und Wurst. Kannst du auch Schokolade und Cola mitbringen? Vielen Dank! Liebe Gr\u00fc\u00dfe Mama\"},\"meta\":{\"username\":\"test\",\"gender\":\"m\",\"age\":\"\",\"mothertongue\":\"aar\",\"learninglength\":\"a\",\"livingingerman\":\"1\"}}"
21/03/2016 16:05:19	INFO	Analysis	NOTE	python C:\Users\Weidler\workspace\thegreatdictation\analysis/Result.py "{\"data\":{\"input\":\"                        Liebe Tonia, kannewst du bitte einufen? Ich habe heute Nacmhittag keine Zeit und ich m\u00f6chte heute Abend kochen. I ch brauche noch Kartoffeln, Paprika, Tomaten und Zwiebeln. das F\u00fcr Fr\u00fchst\u00fcck brauchen Tee, Kaffee, Brot, ButterMarmelade, K\u00e4se und Wurst. Kwe annst du auch Schokolade und Coka mitbringen? Viele Dank! Liebe Gr\u00fc\u00dfe Mama\n                   \",\"text_id\":\"13\",\"target\":\"Liebe Tanja, kannst du bitte einkaufen? Ich habe heute Nachmittag keine Zeit und ich m\u00f6chte heute Abend kochen. Ich brauche noch Kartoffeln, Paprika, Tomaten und Zwiebeln. F\u00fcr das Fr\u00fchst\u00fcck brauchen wir Kaffee, Tee, Brot, Butter, Marmelade, K\u00e4se und Wurst. Kannst du auch Schokolade und Cola mitbringen? Vielen Dank! Liebe Gr\u00fc\u00dfe Mama\"},\"meta\":{\"username\":\"test\",\"gender\":\"m\",\"age\":\"\",\"mothertongue\":\"aar\",\"learninglength\":\"a\",\"livingingerman\":\"1\"}}"
25/04/2016 10:36:03	INFO	Analysis	NOTE	python C:\Users\Weidler\workspace\thegreatdictation\analysis/Result.py "{\"data\":{\"input\":\"                        Liebe Tonia, kannewst du bitte einufen? Ich habe heute Nacmhittag keine Zeit und ich m\u00f6chte heute Abend kochen. I ch brauche noch Kartoffeln, Paprika, Tomaten und Zwiebeln. das F\u00fcr Fr\u00fchst\u00fcck brauchen Tee, Kaffee, Brot, ButterMarmelade, K\u00e4se und Wurst. Kwe annst du auch Schokolade und Coka mitbringen? Viele Dank! Liebe Gr\u00fc\u00dfe Mama\n                   \",\"text_id\":null,\"target\":\"\"},\"meta\":{\"username\":\"test\",\"gender\":\"m\",\"age\":\"\",\"mothertongue\":\"aar\",\"learninglength\":\"a\",\"livingingerman\":\"1\"}}"
25/04/2016 10:36:59	INFO	Analysis	NOTE	python C:\Users\Weidler\workspace\thegreatdictation\analysis/Result.py "{\"data\":{\"input\":\"                        Liebe Tonia, kannewst du bitte einufen? Ich habe heute Nacmhittag keine Zeit und ich m\u00f6chte heute Abend kochen. I ch brauche noch Kartoffeln, Paprika, Tomaten und Zwiebeln. das F\u00fcr Fr\u00fchst\u00fcck brauchen Tee, Kaffee, Brot, ButterMarmelade, K\u00e4se und Wurst. Kwe annst du auch Schokolade und Coka mitbringen? Viele Dank! Liebe Gr\u00fc\u00dfe Mama\n                   \",\"text_id\":null,\"target\":\"\"},\"meta\":{\"username\":\"test\",\"gender\":\"m\",\"age\":\"\",\"mothertongue\":\"aar\",\"learninglength\":\"a\",\"livingingerman\":\"1\"}}"
25/04/2016 10:38:34	INFO	Analysis	NOTE	python C:\Users\Weidler\workspace\thegreatdictation\analysis/Result.py "{\"data\":{\"input\":\"                        Liebe Tonia, kannewst du bitte einufen? Ich habe heute Nacmhittag keine Zeit und ich m\u00f6chte heute Abend kochen. I ch brauche noch Kartoffeln, Paprika, Tomaten und Zwiebeln. das F\u00fcr Fr\u00fchst\u00fcck brauchen Tee, Kaffee, Brot, ButterMarmelade, K\u00e4se und Wurst. Kwe annst du auch Schokolade und Coka mitbringen? Viele Dank! Liebe Gr\u00fc\u00dfe Mama\n                   \",\"text_id\":\"1\",\"target\":\"Liebe Tanja, kannst du bitte einkaufen? Ich habe heute Nachmittag keine Zeit und ich m\u00f6chte heute Abend kochen. Ich brauche noch Kartoffeln, Paprika, Tomaten und Zwiebeln. F\u00fcr das Fr\u00fchst\u00fcck brauchen wir Kaffee, Tee, Brot, Butter, Marmelade, K\u00e4se und Wurst. Kannst du auch Schokolade und Cola mitbringen? Vielen Dank! Liebe Gr\u00fc\u00dfe Mama\"},\"meta\":{\"username\":\"test\",\"gender\":\"m\",\"age\":\"\",\"mothertongue\":\"aar\",\"learninglength\":\"a\",\"livingingerman\":\"1\"}}"
25/04/2016 14:57:22	INFO	Analysis	NOTE	python C:\Users\Weidler\workspace\thegreatdictation\analysis/Result.py "{\"data\":{\"input\":\"                        Liebe Tonia, kannewst du bitte einufen? Ich habe heute Nacmhittag keine Zeit und ich m\u00f6chte heute Abend kochen. I ch brauche noch Kartoffeln, Paprika, Tomaten und Zwiebeln. das F\u00fcr Fr\u00fchst\u00fcck brauchen Tee, Kaffee, Brot, ButterMarmelade, K\u00e4se und Wurst. Kwe annst du auch Schokolade und Coka mitbringen? Viele Dank! Liebe Gr\u00fc\u00dfe Mama\n                   \",\"text_id\":\"1\",\"target\":\"Liebe Tanja, kannst du bitte einkaufen? Ich habe heute Nachmittag keine Zeit und ich m\u00f6chte heute Abend kochen. Ich brauche noch Kartoffeln, Paprika, Tomaten und Zwiebeln. F\u00fcr das Fr\u00fchst\u00fcck brauchen wir Kaffee, Tee, Brot, Butter, Marmelade, K\u00e4se und Wurst. Kannst du auch Schokolade und Cola mitbringen? Vielen Dank! Liebe Gr\u00fc\u00dfe Mama\"},\"meta\":{\"username\":\"test\",\"gender\":\"m\",\"age\":\"\",\"mothertongue\":\"aar\",\"learninglength\":\"a\",\"livingingerman\":\"1\"}}"
